Flow report for epRISC_Controller
Sun Sep 24 21:22:55 2017
Quartus Prime Version 16.0.0 Build 211 04/27/2016 SJ Lite Edition


---------------------
; Table of Contents ;
---------------------
  1. Legal Notice
  2. Flow Summary
  3. Flow Settings
  4. Flow Non-Default Global Settings
  5. Flow Elapsed Time
  6. Flow OS Summary
  7. Flow Log
  8. Flow Messages
  9. Flow Suppressed Messages



----------------
; Legal Notice ;
----------------
Copyright (C) 1991-2016 Altera Corporation. All rights reserved.
Your use of Altera Corporation's design tools, logic functions 
and other software and tools, and its AMPP partner logic 
functions, and any output files from any of the foregoing 
(including device programming or simulation files), and any 
associated documentation or information are expressly subject 
to the terms and conditions of the Altera Program License 
Subscription Agreement, the Altera Quartus Prime License Agreement,
the Altera MegaCore Function License Agreement, or other 
applicable license agreement, including, without limitation, 
that your use is for the sole purpose of programming logic 
devices manufactured by Altera and sold by Altera or its 
authorized distributors.  Please refer to the applicable 
agreement for further details.



+----------------------------------------------------------------------------------+
; Flow Summary                                                                     ;
+------------------------------------+---------------------------------------------+
; Flow Status                        ; Successful - Sun Sep 24 21:22:48 2017       ;
; Quartus Prime Version              ; 16.0.0 Build 211 04/27/2016 SJ Lite Edition ;
; Revision Name                      ; epRISC_Controller                           ;
; Top-level Entity Name              ; epRISC_iocontroller                         ;
; Family                             ; MAX 10                                      ;
; Device                             ; 10M16SCE144C8G                              ;
; Timing Models                      ; Final                                       ;
; Total logic elements               ; 1,591 / 15,840 ( 10 % )                     ;
;     Total combinational functions  ; 1,501 / 15,840 ( 9 % )                      ;
;     Dedicated logic registers      ; 402 / 15,840 ( 3 % )                        ;
; Total registers                    ; 402                                         ;
; Total pins                         ; 89 / 101 ( 88 % )                           ;
; Total virtual pins                 ; 0                                           ;
; Total memory bits                  ; 69,632 / 562,176 ( 12 % )                   ;
; Embedded Multiplier 9-bit elements ; 0 / 90 ( 0 % )                              ;
; Total PLLs                         ; 1 / 1 ( 100 % )                             ;
; UFM blocks                         ; 0 / 1 ( 0 % )                               ;
; ADC blocks                         ; 0                                           ;
+------------------------------------+---------------------------------------------+


+-----------------------------------------+
; Flow Settings                           ;
+-------------------+---------------------+
; Option            ; Setting             ;
+-------------------+---------------------+
; Start date & time ; 09/24/2017 21:21:47 ;
; Main task         ; Compilation         ;
; Revision Name     ; epRISC_Controller   ;
+-------------------+---------------------+


+------------------------------------------------------------------------------------------------------------------------------------+
; Flow Non-Default Global Settings                                                                                                   ;
+-------------------------------------+---------------------------------------+-------------------+---------------------+------------+
; Assignment Name                     ; Value                                 ; Default Value     ; Entity Name         ; Section Id ;
+-------------------------------------+---------------------------------------+-------------------+---------------------+------------+
; COMPILER_SIGNATURE_ID               ; 0.150630250717955                     ; --                ; --                  ; --         ;
; FIT_ATTEMPTS_TO_SKIP                ; 0                                     ; 0.0               ; --                  ; --         ;
; FLOW_ENABLE_POWER_ANALYZER          ; On                                    ; Off               ; --                  ; --         ;
; MAX_CORE_JUNCTION_TEMP              ; 85                                    ; --                ; --                  ; --         ;
; MIN_CORE_JUNCTION_TEMP              ; 0                                     ; --                ; --                  ; --         ;
; MISC_FILE                           ; OnChipPLL_bb.v                        ; --                ; --                  ; --         ;
; MISC_FILE                           ; OnChipPLL.ppf                         ; --                ; --                  ; --         ;
; MISC_FILE                           ; ChipVideoRAM_bb.v                     ; --                ; --                  ; --         ;
; PARTITION_COLOR                     ; 16764057                              ; --                ; epRISC_iocontroller ; Top        ;
; PARTITION_FITTER_PRESERVATION_LEVEL ; PLACEMENT_AND_ROUTING                 ; --                ; epRISC_iocontroller ; Top        ;
; PARTITION_NETLIST_TYPE              ; SOURCE                                ; --                ; epRISC_iocontroller ; Top        ;
; POWER_BOARD_THERMAL_MODEL           ; None (CONSERVATIVE)                   ; --                ; --                  ; --         ;
; POWER_DEFAULT_INPUT_IO_TOGGLE_RATE  ; 12.5 %                                ; 12.5%             ; --                  ; --         ;
; POWER_PRESET_COOLING_SOLUTION       ; 23 MM HEAT SINK WITH 200 LFPM AIRFLOW ; --                ; --                  ; --         ;
; PROJECT_OUTPUT_DIRECTORY            ; output_files                          ; --                ; --                  ; --         ;
; TOP_LEVEL_ENTITY                    ; epRISC_iocontroller                   ; epRISC_Controller ; --                  ; --         ;
+-------------------------------------+---------------------------------------+-------------------+---------------------+------------+


+-------------------------------------------------------------------------------------------------------------------------------+
; Flow Elapsed Time                                                                                                             ;
+---------------------------+--------------+-------------------------+---------------------+------------------------------------+
; Module Name               ; Elapsed Time ; Average Processors Used ; Peak Virtual Memory ; Total CPU Time (on all processors) ;
+---------------------------+--------------+-------------------------+---------------------+------------------------------------+
; Analysis & Synthesis      ; 00:00:26     ; 1.0                     ; 1259 MB             ; 00:00:48                           ;
; Fitter                    ; 00:00:25     ; 1.0                     ; 1473 MB             ; 00:00:25                           ;
; Assembler                 ; 00:00:02     ; 1.0                     ; 1068 MB             ; 00:00:02                           ;
; PowerPlay Power Analyzer  ; 00:00:06     ; 1.0                     ; 1152 MB             ; 00:00:06                           ;
; TimeQuest Timing Analyzer ; 00:00:06     ; 1.0                     ; 1124 MB             ; 00:00:06                           ;
; Total                     ; 00:01:05     ; --                      ; --                  ; 00:01:27                           ;
+---------------------------+--------------+-------------------------+---------------------+------------------------------------+


+-------------------------------------------------------------------------------------------+
; Flow OS Summary                                                                           ;
+---------------------------+------------------+--------------+------------+----------------+
; Module Name               ; Machine Hostname ; OS Name      ; OS Version ; Processor type ;
+---------------------------+------------------+--------------+------------+----------------+
; Analysis & Synthesis      ; insight          ; Ubuntu 17.04 ; 17         ; x86_64         ;
; Fitter                    ; insight          ; Ubuntu 17.04 ; 17         ; x86_64         ;
; Assembler                 ; insight          ; Ubuntu 17.04 ; 17         ; x86_64         ;
; PowerPlay Power Analyzer  ; insight          ; Ubuntu 17.04 ; 17         ; x86_64         ;
; TimeQuest Timing Analyzer ; insight          ; Ubuntu 17.04 ; 17         ; x86_64         ;
+---------------------------+------------------+--------------+------------+----------------+


------------
; Flow Log ;
------------
quartus_map --read_settings_files=on --write_settings_files=off epRISC_Auxiliary -c epRISC_Controller
quartus_fit --read_settings_files=off --write_settings_files=off epRISC_Auxiliary -c epRISC_Controller
quartus_asm --read_settings_files=off --write_settings_files=off epRISC_Auxiliary -c epRISC_Controller
quartus_pow --read_settings_files=off --write_settings_files=off epRISC_Auxiliary -c epRISC_Controller
quartus_sta epRISC_Auxiliary -c epRISC_Controller



