------------------------------------------------------------
TimeQuest Timing Analyzer Summary
------------------------------------------------------------

Type  : Slow 1200mV 85C Model Setup 'clock|altpll_component|auto_generated|pll1|clk[0]'
Slack : -7.630
TNS   : -224.512

Type  : Slow 1200mV 85C Model Setup 'clock|altpll_component|auto_generated|pll1|clk[2]'
Slack : -7.345
TNS   : -482.150

Type  : Slow 1200mV 85C Model Setup 'iBusClock'
Slack : -7.241
TNS   : -1191.960

Type  : Slow 1200mV 85C Model Setup 'epRISC_SPI:bspi|rTxClk'
Slack : -3.365
TNS   : -48.997

Type  : Slow 1200mV 85C Model Setup 'clock|altpll_component|auto_generated|pll1|clk[1]'
Slack : -0.565
TNS   : -0.565

Type  : Slow 1200mV 85C Model Setup 'clock|altpll_component|auto_generated|pll1|clk[3]'
Slack : 0.069
TNS   : 0.000

Type  : Slow 1200mV 85C Model Hold 'clock|altpll_component|auto_generated|pll1|clk[1]'
Slack : -0.125
TNS   : -0.125

Type  : Slow 1200mV 85C Model Hold 'clock|altpll_component|auto_generated|pll1|clk[2]'
Slack : 0.343
TNS   : 0.000

Type  : Slow 1200mV 85C Model Hold 'clock|altpll_component|auto_generated|pll1|clk[0]'
Slack : 0.345
TNS   : 0.000

Type  : Slow 1200mV 85C Model Hold 'iBusClock'
Slack : 0.345
TNS   : 0.000

Type  : Slow 1200mV 85C Model Hold 'epRISC_SPI:bspi|rTxClk'
Slack : 0.364
TNS   : 0.000

Type  : Slow 1200mV 85C Model Hold 'clock|altpll_component|auto_generated|pll1|clk[3]'
Slack : 1.473
TNS   : 0.000

Type  : Slow 1200mV 85C Model Recovery 'clock|altpll_component|auto_generated|pll1|clk[0]'
Slack : -9.391
TNS   : -241.887

Type  : Slow 1200mV 85C Model Recovery 'clock|altpll_component|auto_generated|pll1|clk[1]'
Slack : -9.368
TNS   : -27.150

Type  : Slow 1200mV 85C Model Recovery 'epRISC_SPI:bspi|rTxClk'
Slack : -6.855
TNS   : -166.479

Type  : Slow 1200mV 85C Model Recovery 'iBusClock'
Slack : -6.585
TNS   : -442.101

Type  : Slow 1200mV 85C Model Removal 'iBusClock'
Slack : 3.111
TNS   : 0.000

Type  : Slow 1200mV 85C Model Removal 'epRISC_SPI:bspi|rTxClk'
Slack : 4.217
TNS   : 0.000

Type  : Slow 1200mV 85C Model Removal 'clock|altpll_component|auto_generated|pll1|clk[1]'
Slack : 6.567
TNS   : 0.000

Type  : Slow 1200mV 85C Model Removal 'clock|altpll_component|auto_generated|pll1|clk[0]'
Slack : 6.621
TNS   : 0.000

Type  : Slow 1200mV 85C Model Minimum Pulse Width 'iBusClock'
Slack : -3.901
TNS   : -504.796

Type  : Slow 1200mV 85C Model Minimum Pulse Width 'epRISC_SPI:bspi|rTxClk'
Slack : -1.487
TNS   : -37.175

Type  : Slow 1200mV 85C Model Minimum Pulse Width 'clock|altpll_component|auto_generated|pll1|clk[3]'
Slack : 4.700
TNS   : 0.000

Type  : Slow 1200mV 85C Model Minimum Pulse Width 'iBoardClock'
Slack : 9.905
TNS   : 0.000

Type  : Slow 1200mV 85C Model Minimum Pulse Width 'clock|altpll_component|auto_generated|pll1|clk[2]'
Slack : 19.710
TNS   : 0.000

Type  : Slow 1200mV 85C Model Minimum Pulse Width 'clock|altpll_component|auto_generated|pll1|clk[1]'
Slack : 499.726
TNS   : 0.000

Type  : Slow 1200mV 85C Model Minimum Pulse Width 'clock|altpll_component|auto_generated|pll1|clk[0]'
Slack : 3124.706
TNS   : 0.000

Type  : Slow 1200mV 0C Model Setup 'iBusClock'
Slack : -6.994
TNS   : -1130.310

Type  : Slow 1200mV 0C Model Setup 'clock|altpll_component|auto_generated|pll1|clk[0]'
Slack : -6.911
TNS   : -201.816

Type  : Slow 1200mV 0C Model Setup 'clock|altpll_component|auto_generated|pll1|clk[2]'
Slack : -6.613
TNS   : -440.987

Type  : Slow 1200mV 0C Model Setup 'epRISC_SPI:bspi|rTxClk'
Slack : -3.165
TNS   : -44.570

Type  : Slow 1200mV 0C Model Setup 'clock|altpll_component|auto_generated|pll1|clk[1]'
Slack : -0.433
TNS   : -0.433

Type  : Slow 1200mV 0C Model Setup 'clock|altpll_component|auto_generated|pll1|clk[3]'
Slack : 0.675
TNS   : 0.000

Type  : Slow 1200mV 0C Model Hold 'clock|altpll_component|auto_generated|pll1|clk[1]'
Slack : -0.170
TNS   : -0.170

Type  : Slow 1200mV 0C Model Hold 'clock|altpll_component|auto_generated|pll1|clk[2]'
Slack : 0.307
TNS   : 0.000

Type  : Slow 1200mV 0C Model Hold 'clock|altpll_component|auto_generated|pll1|clk[0]'
Slack : 0.308
TNS   : 0.000

Type  : Slow 1200mV 0C Model Hold 'iBusClock'
Slack : 0.308
TNS   : 0.000

Type  : Slow 1200mV 0C Model Hold 'epRISC_SPI:bspi|rTxClk'
Slack : 0.325
TNS   : 0.000

Type  : Slow 1200mV 0C Model Hold 'clock|altpll_component|auto_generated|pll1|clk[3]'
Slack : 1.325
TNS   : 0.000

Type  : Slow 1200mV 0C Model Recovery 'clock|altpll_component|auto_generated|pll1|clk[0]'
Slack : -8.472
TNS   : -218.152

Type  : Slow 1200mV 0C Model Recovery 'clock|altpll_component|auto_generated|pll1|clk[1]'
Slack : -8.454
TNS   : -24.454

Type  : Slow 1200mV 0C Model Recovery 'epRISC_SPI:bspi|rTxClk'
Slack : -6.240
TNS   : -151.419

Type  : Slow 1200mV 0C Model Recovery 'iBusClock'
Slack : -5.982
TNS   : -399.625

Type  : Slow 1200mV 0C Model Removal 'iBusClock'
Slack : 2.767
TNS   : 0.000

Type  : Slow 1200mV 0C Model Removal 'epRISC_SPI:bspi|rTxClk'
Slack : 3.812
TNS   : 0.000

Type  : Slow 1200mV 0C Model Removal 'clock|altpll_component|auto_generated|pll1|clk[1]'
Slack : 5.941
TNS   : 0.000

Type  : Slow 1200mV 0C Model Removal 'clock|altpll_component|auto_generated|pll1|clk[0]'
Slack : 5.992
TNS   : 0.000

Type  : Slow 1200mV 0C Model Minimum Pulse Width 'iBusClock'
Slack : -3.901
TNS   : -504.796

Type  : Slow 1200mV 0C Model Minimum Pulse Width 'epRISC_SPI:bspi|rTxClk'
Slack : -1.487
TNS   : -37.175

Type  : Slow 1200mV 0C Model Minimum Pulse Width 'clock|altpll_component|auto_generated|pll1|clk[3]'
Slack : 4.688
TNS   : 0.000

Type  : Slow 1200mV 0C Model Minimum Pulse Width 'iBoardClock'
Slack : 9.776
TNS   : 0.000

Type  : Slow 1200mV 0C Model Minimum Pulse Width 'clock|altpll_component|auto_generated|pll1|clk[2]'
Slack : 19.690
TNS   : 0.000

Type  : Slow 1200mV 0C Model Minimum Pulse Width 'clock|altpll_component|auto_generated|pll1|clk[1]'
Slack : 499.686
TNS   : 0.000

Type  : Slow 1200mV 0C Model Minimum Pulse Width 'clock|altpll_component|auto_generated|pll1|clk[0]'
Slack : 3124.675
TNS   : 0.000

Type  : Fast 1200mV 0C Model Setup 'clock|altpll_component|auto_generated|pll1|clk[0]'
Slack : -3.136
TNS   : -96.047

Type  : Fast 1200mV 0C Model Setup 'clock|altpll_component|auto_generated|pll1|clk[2]'
Slack : -3.114
TNS   : -206.226

Type  : Fast 1200mV 0C Model Setup 'iBusClock'
Slack : -2.223
TNS   : -399.899

Type  : Fast 1200mV 0C Model Setup 'epRISC_SPI:bspi|rTxClk'
Slack : -1.014
TNS   : -11.790

Type  : Fast 1200mV 0C Model Setup 'clock|altpll_component|auto_generated|pll1|clk[1]'
Slack : -0.196
TNS   : -0.196

Type  : Fast 1200mV 0C Model Setup 'clock|altpll_component|auto_generated|pll1|clk[3]'
Slack : 5.966
TNS   : 0.000

Type  : Fast 1200mV 0C Model Hold 'clock|altpll_component|auto_generated|pll1|clk[1]'
Slack : -0.020
TNS   : -0.020

Type  : Fast 1200mV 0C Model Hold 'clock|altpll_component|auto_generated|pll1|clk[0]'
Slack : 0.146
TNS   : 0.000

Type  : Fast 1200mV 0C Model Hold 'clock|altpll_component|auto_generated|pll1|clk[2]'
Slack : 0.146
TNS   : 0.000

Type  : Fast 1200mV 0C Model Hold 'iBusClock'
Slack : 0.147
TNS   : 0.000

Type  : Fast 1200mV 0C Model Hold 'epRISC_SPI:bspi|rTxClk'
Slack : 0.152
TNS   : 0.000

Type  : Fast 1200mV 0C Model Hold 'clock|altpll_component|auto_generated|pll1|clk[3]'
Slack : 0.526
TNS   : 0.000

Type  : Fast 1200mV 0C Model Recovery 'clock|altpll_component|auto_generated|pll1|clk[0]'
Slack : -4.105
TNS   : -105.857

Type  : Fast 1200mV 0C Model Recovery 'clock|altpll_component|auto_generated|pll1|clk[1]'
Slack : -4.092
TNS   : -11.910

Type  : Fast 1200mV 0C Model Recovery 'epRISC_SPI:bspi|rTxClk'
Slack : -2.996
TNS   : -69.887

Type  : Fast 1200mV 0C Model Recovery 'iBusClock'
Slack : -2.859
TNS   : -168.696

Type  : Fast 1200mV 0C Model Removal 'iBusClock'
Slack : 1.430
TNS   : 0.000

Type  : Fast 1200mV 0C Model Removal 'epRISC_SPI:bspi|rTxClk'
Slack : 1.841
TNS   : 0.000

Type  : Fast 1200mV 0C Model Removal 'clock|altpll_component|auto_generated|pll1|clk[1]'
Slack : 3.321
TNS   : 0.000

Type  : Fast 1200mV 0C Model Removal 'clock|altpll_component|auto_generated|pll1|clk[0]'
Slack : 3.345
TNS   : 0.000

Type  : Fast 1200mV 0C Model Minimum Pulse Width 'iBusClock'
Slack : -3.000
TNS   : -313.657

Type  : Fast 1200mV 0C Model Minimum Pulse Width 'epRISC_SPI:bspi|rTxClk'
Slack : -1.000
TNS   : -25.000

Type  : Fast 1200mV 0C Model Minimum Pulse Width 'clock|altpll_component|auto_generated|pll1|clk[3]'
Slack : 4.716
TNS   : 0.000

Type  : Fast 1200mV 0C Model Minimum Pulse Width 'iBoardClock'
Slack : 9.663
TNS   : 0.000

Type  : Fast 1200mV 0C Model Minimum Pulse Width 'clock|altpll_component|auto_generated|pll1|clk[2]'
Slack : 19.739
TNS   : 0.000

Type  : Fast 1200mV 0C Model Minimum Pulse Width 'clock|altpll_component|auto_generated|pll1|clk[1]'
Slack : 499.744
TNS   : 0.000

Type  : Fast 1200mV 0C Model Minimum Pulse Width 'clock|altpll_component|auto_generated|pll1|clk[0]'
Slack : 3124.745
TNS   : 0.000

------------------------------------------------------------
